40:45:088 Core/Core.cpp:237 I[BOOT]: Starting core = GameCube mode
40:45:088 Core/Core.cpp:238 I[BOOT]: CPU Thread separate = No
40:47:654 Core/Boot/Boot.cpp:524 N[BOOT]: Booting from disc: /Users/caseybement/Downloads/Phantasy Star Online Episode I & II Plus (USA).iso
40:47:654 Core/Boot/Boot_BS2Emu.cpp:292 I[BOOT]: Faking GC BS2...
40:47:661 Core/Boot/Boot_BS2Emu.cpp:210 I[BOOT]: DVDRead: offset: 00000420   memOffset: 81201480   length: 32
40:47:661 Core/Boot/Boot_BS2Emu.cpp:210 I[BOOT]: DVDRead: offset: 00000440   memOffset: 812015c0   length: 32
40:47:661 Core/Boot/Boot_BS2Emu.cpp:210 I[BOOT]: DVDRead: offset: 00000440   memOffset: 817e46c0   length: 8192
40:47:662 Core/Boot/Boot_BS2Emu.cpp:210 I[BOOT]: DVDRead: offset: 0001e000   memOffset: 812014a0   length: 256
40:47:663 Core/Boot/Boot_BS2Emu.cpp:210 I[BOOT]: DVDRead: offset: 0001e100   memOffset: 8000c000   length: 9504
40:47:664 Core/Boot/Boot_BS2Emu.cpp:210 I[BOOT]: DVDRead: offset: 00020620   memOffset: 8000e780   length: 172256
40:47:664 Core/Boot/Boot_BS2Emu.cpp:210 I[BOOT]: DVDRead: offset: 0004a700   memOffset: 8000e520   length: 320
40:47:664 Core/Boot/Boot_BS2Emu.cpp:210 I[BOOT]: DVDRead: offset: 0004a840   memOffset: 8000e660   length: 288
40:47:664 Core/Boot/Boot_BS2Emu.cpp:210 I[BOOT]: DVDRead: offset: 0004a960   memOffset: 80038860   length: 32
40:47:664 Core/Boot/Boot_BS2Emu.cpp:210 I[BOOT]: DVDRead: offset: 0004a980   memOffset: 80038880   length: 32
40:47:664 Core/Boot/Boot_BS2Emu.cpp:210 I[BOOT]: DVDRead: offset: 0004a9a0   memOffset: 800388a0   length: 1952
40:47:664 Core/Boot/Boot_BS2Emu.cpp:210 I[BOOT]: DVDRead: offset: 0004b140   memOffset: 80039040   length: 28064
40:47:664 Core/Boot/Boot_BS2Emu.cpp:210 I[BOOT]: DVDRead: offset: 00051ee0   memOffset: 80046840   length: 288
40:47:664 Core/Boot/Boot_BS2Emu.cpp:210 I[BOOT]: DVDRead: offset: 00052000   memOffset: 80046d20   length: 960
40:47:665 Core/Boot/Boot_BS2Emu.cpp:210 I[BOOT]: DVDRead: offset: 00052400   memOffset: 817e66c0   length: 104768
40:47:960 Core/HW/DVD/FileMonitor.cpp:85 W[FileMon]:     103 kB switcher.prs
40:48:281 Core/HW/DVD/FileMonitor.cpp:85 W[FileMon]:   5,233 kB PsoV3.dol
40:50:100 Core/HW/DVD/FileMonitor.cpp:85 W[FileMon]:     650 kB S18all04.fon
40:50:418 Core/HW/DVD/FileMonitor.cpp:85 W[FileMon]:       7 kB NowLoading.prs
40:50:551 Core/HW/DVD/FileMonitor.cpp:85 W[FileMon]:  45,903 kB sound.bin
40:55:358 Core/HW/DVD/FileMonitor.cpp:85 W[FileMon]:       4 kB InfoIcon.GVM
40:55:492 Core/HW/DVD/FileMonitor.cpp:85 W[FileMon]:     686 kB Ask_n.dic
40:55:960 Core/HW/DVD/FileMonitor.cpp:85 W[FileMon]:   1,415 kB plAtex.afs
40:56:127 Core/HW/DVD/FileMonitor.cpp:85 W[FileMon]:   3,094 kB plBtex.afs
40:56:227 Core/HW/DVD/FileMonitor.cpp:85 W[FileMon]:   1,986 kB plCtex.afs
40:56:359 Core/HW/DVD/FileMonitor.cpp:85 W[FileMon]:   1,558 kB plDtex.afs
40:56:459 Core/HW/DVD/FileMonitor.cpp:85 W[FileMon]:   2,082 kB plEtex.afs
40:56:560 Core/HW/DVD/FileMonitor.cpp:85 W[FileMon]:   2,492 kB plFtex.afs
40:56:659 Core/HW/DVD/FileMonitor.cpp:85 W[FileMon]:   1,992 kB plGtex.afs
40:56:793 Core/HW/DVD/FileMonitor.cpp:85 W[FileMon]:   2,516 kB plHtex.afs
40:56:926 Core/HW/DVD/FileMonitor.cpp:85 W[FileMon]:   3,747 kB plItex.afs
40:57:093 Core/HW/DVD/FileMonitor.cpp:85 W[FileMon]:   2,543 kB plJtex.afs
40:57:228 Core/HW/DVD/FileMonitor.cpp:85 W[FileMon]:   1,972 kB plKtex.afs
40:57:362 Core/HW/DVD/FileMonitor.cpp:85 W[FileMon]:   2,836 kB plLtex.afs
40:57:460 Core/HW/DVD/FileMonitor.cpp:85 W[FileMon]:     585 kB plStex.afs
40:57:528 Core/HW/DVD/FileMonitor.cpp:85 W[FileMon]:     587 kB plTtex.afs
40:57:629 Core/HW/DVD/FileMonitor.cpp:85 W[FileMon]:     563 kB plUtex.afs
40:57:693 Core/HW/DVD/FileMonitor.cpp:85 W[FileMon]:     563 kB plVtex.afs
40:57:762 Core/HW/DVD/FileMonitor.cpp:85 W[FileMon]:     563 kB plWtex.afs
40:57:827 Core/HW/DVD/FileMonitor.cpp:85 W[FileMon]:     589 kB plXtex.afs
40:57:929 Core/HW/DVD/FileMonitor.cpp:85 W[FileMon]:     593 kB plYtex.afs
40:57:994 Core/HW/DVD/FileMonitor.cpp:85 W[FileMon]:   5,341 kB plZsmpnj.afs
40:58:127 Core/HW/DVD/FileMonitor.cpp:85 W[FileMon]:       0 kB Effect_nt.rel
40:58:295 Core/HW/DVD/FileMonitor.cpp:85 W[FileMon]:     198 kB effect_nt.gvm
40:58:463 Core/HW/DVD/FileMonitor.cpp:85 W[FileMon]:      77 kB particleentry.dat
40:59:028 Core/HW/DVD/FileMonitor.cpp:85 W[FileMon]:       6 kB pso_bana_f.tp
40:59:113 Core/HW/DVD/FileMonitor.cpp:85 W[FileMon]:       2 kB vms_sys.tp
40:59:278 Core/HW/DVD/FileMonitor.cpp:85 W[FileMon]:       2 kB vms_icon1.tp
40:59:313 Core/HW/DVD/FileMonitor.cpp:85 W[FileMon]:       2 kB vms_icon2.tp
40:59:347 Core/HW/DVD/FileMonitor.cpp:85 W[FileMon]:       2 kB vms_down.tp
40:59:380 Core/HW/DVD/FileMonitor.cpp:85 W[FileMon]:       2 kB vms_capt.tp
40:59:412 Core/HW/DVD/FileMonitor.cpp:85 W[FileMon]:       2 kB vms_net.tp
40:59:513 Core/HW/DVD/FileMonitor.cpp:85 W[FileMon]:       2 kB ha_u032_kage.GVM
40:59:663 Core/HW/DVD/FileMonitor.cpp:85 W[FileMon]:      11 kB PlyLevelTbl.cpt
40:59:829 Core/HW/DVD/FileMonitor.cpp:85 W[FileMon]:      15 kB ItemPMT.prs
40:59:962 Core/HW/DVD/FileMonitor.cpp:85 W[FileMon]:     258 kB itemrt.gsl
41:00:146 Core/HW/DVD/FileMonitor.cpp:85 W[FileMon]:     667 kB itempt.gsl
41:00:530 Core/HW/DVD/FileMonitor.cpp:85 W[FileMon]:      11 kB PlyLevelTbl.cpt
41:00:646 Core/HW/DVD/FileMonitor.cpp:85 W[FileMon]:      45 kB TextEnglish.pr2
41:00:847 Core/HW/DVD/FileMonitor.cpp:85 W[FileMon]:       0 kB TextEnglish.pr3
41:00:880 Core/HW/DVD/FileMonitor.cpp:85 W[FileMon]:       0 kB f256_alphabet.gvp
41:01:048 Core/HW/DVD/FileMonitor.cpp:85 W[FileMon]:       0 kB f256_symbolsetumei_eng.GVP
41:01:113 Core/HW/DVD/FileMonitor.cpp:85 W[FileMon]:       0 kB f128_keyeng.GVP
41:01:214 Core/HW/DVD/FileMonitor.cpp:85 W[FileMon]:       0 kB f064_wordmojitex_eng.GVP
41:01:249 Core/HW/DVD/FileMonitor.cpp:85 W[FileMon]:       0 kB b256_menutext01_e.GVP
41:01:415 Core/HW/DVD/FileMonitor.cpp:85 W[FileMon]:     108 kB TextureEnglish.gvm
41:01:616 Core/HW/DVD/FileMonitor.cpp:85 W[FileMon]:      69 kB f256_ad_pic_2.prs
41:01:798 Core/HW/DVD/FileMonitor.cpp:85 W[FileMon]:     105 kB f256_backtext.prs
41:01:866 Core/HW/DVD/FileMonitor.cpp:85 W[FileMon]:      29 kB Logo_e.prs
41:02:014 Core/HW/DVD/FileMonitor.cpp:85 W[FileMon]:       0 kB f256_hyouji_a.gvp
41:02:131 Core/HW/DVD/FileMonitor.cpp:85 W[FileMon]:       0 kB f256_hyouji_b.GVP
41:02:166 Core/HW/DVD/FileMonitor.cpp:85 W[FileMon]:       0 kB f256_hyouji_c.GVP
41:02:198 Core/HW/DVD/FileMonitor.cpp:85 W[FileMon]:       0 kB b256_mainmenu.GVP
41:02:333 Core/HW/DVD/FileMonitor.cpp:85 W[FileMon]:       0 kB f256_actionpallet_a.GVP
41:02:466 Core/HW/DVD/FileMonitor.cpp:85 W[FileMon]:       0 kB f256_actionpallet_b.GVP
41:02:499 Core/HW/DVD/FileMonitor.cpp:85 W[FileMon]:       0 kB f256_actionpallet_c.GVP
41:02:533 Core/HW/DVD/FileMonitor.cpp:85 W[FileMon]:       0 kB r256_symparts.gvp
41:02:666 Core/HW/DVD/FileMonitor.cpp:85 W[FileMon]:       0 kB f256_duelcount.GVP
41:02:799 Core/HW/DVD/FileMonitor.cpp:85 W[FileMon]:       0 kB f256_carsol.GVP
41:02:832 Core/HW/DVD/FileMonitor.cpp:85 W[FileMon]:     151 kB f256_hyouji.prs
41:15:463 Core/HW/DVD/FileMonitor.cpp:85 W[FileMon]:      45 kB TextEnglish.pr2
41:15:695 Core/HW/DVD/FileMonitor.cpp:85 W[FileMon]:       0 kB TextEnglish.pr3
41:15:728 Core/HW/DVD/FileMonitor.cpp:85 W[FileMon]:       0 kB f256_alphabet.gvp
41:15:896 Core/HW/DVD/FileMonitor.cpp:85 W[FileMon]:       0 kB f256_symbolsetumei_eng.GVP
41:15:997 Core/HW/DVD/FileMonitor.cpp:85 W[FileMon]:       0 kB f128_keyeng.GVP
41:16:062 Core/HW/DVD/FileMonitor.cpp:85 W[FileMon]:       0 kB f064_wordmojitex_eng.GVP
41:16:095 Core/HW/DVD/FileMonitor.cpp:85 W[FileMon]:       0 kB b256_menutext01_e.GVP
41:16:230 Core/HW/DVD/FileMonitor.cpp:85 W[FileMon]:     108 kB TextureEnglish.gvm
41:16:397 Core/HW/DVD/FileMonitor.cpp:85 W[FileMon]:      69 kB f256_ad_pic_2.prs
41:16:614 Core/HW/DVD/FileMonitor.cpp:85 W[FileMon]:     105 kB f256_backtext.prs
41:16:679 Core/HW/DVD/FileMonitor.cpp:85 W[FileMon]:      56 kB f128_ray.prs
41:16:831 Core/HW/DVD/FileMonitor.cpp:85 W[FileMon]:     158 kB CharaMakingMot.bml
41:17:046 Core/HW/DVD/FileMonitor.cpp:85 W[FileMon]:      24 kB f512_multiplay.prs
41:17:231 Core/HW/DVD/FileMonitor.cpp:85 W[FileMon]:       1 kB f064_multiconfirm.prs
41:17:313 Core/HW/DVD/FileMonitor.cpp:85 W[FileMon]:      29 kB Logo_e.prs
41:17:481 Core/HW/DVD/FileMonitor.cpp:85 W[FileMon]:      10 kB f256_player_prate.prs
41:17:630 Core/HW/DVD/FileMonitor.cpp:85 W[FileMon]:      98 kB screen.bin
41:17:798 Core/HW/DVD/FileMonitor.cpp:85 W[FileMon]:       0 kB f256_hyouji_a.gvp
41:17:963 Core/HW/DVD/FileMonitor.cpp:85 W[FileMon]:       0 kB f256_hyouji_b.GVP
41:17:997 Core/HW/DVD/FileMonitor.cpp:85 W[FileMon]:       0 kB f256_hyouji_c.GVP
41:18:032 Core/HW/DVD/FileMonitor.cpp:85 W[FileMon]:       0 kB b256_mainmenu.GVP
41:18:164 Core/HW/DVD/FileMonitor.cpp:85 W[FileMon]:       0 kB f256_actionpallet_a.GVP
41:18:298 Core/HW/DVD/FileMonitor.cpp:85 W[FileMon]:       0 kB f256_actionpallet_b.GVP
41:18:331 Core/HW/DVD/FileMonitor.cpp:85 W[FileMon]:       0 kB f256_actionpallet_c.GVP
41:18:364 Core/HW/DVD/FileMonitor.cpp:85 W[FileMon]:       0 kB r256_symparts.gvp
41:18:499 Core/HW/DVD/FileMonitor.cpp:85 W[FileMon]:       0 kB f256_duelcount.GVP
41:18:633 Core/HW/DVD/FileMonitor.cpp:85 W[FileMon]:       0 kB f256_carsol.GVP
41:18:666 Core/HW/DVD/FileMonitor.cpp:85 W[FileMon]:     151 kB f256_hyouji.prs
41:18:798 Core/HW/DVD/FileMonitor.cpp:85 W[FileMon]:       3 kB AdDrawLineTask.prs
41:18:983 Core/HW/DVD/FileMonitor.cpp:85 W[FileMon]:     294 kB Title_eng.prs
41:19:349 Core/HW/DVD/FileMonitor.cpp:85 W[FileMon]:      89 kB f512_midashi_eng.prs
41:19:550 Core/HW/DVD/FileMonitor.cpp:85 W[FileMon]:      20 kB f256_player_tex_eng.prs
41:19:633 Core/HW/DVD/FileMonitor.cpp:85 W[FileMon]:      32 kB f256_selectgamen_a_eng.prs
41:19:665 Core/HW/DVD/FileMonitor.cpp:85 W[FileMon]:      22 kB f256_ad_eng.prs
41:19:732 Core/HW/DVD/FileMonitor.cpp:85 W[FileMon]:       7 kB f256_slot_eng.prs
41:19:800 Core/HW/DVD/FileMonitor.cpp:85 W[FileMon]:       4 kB f128_player_ad_eng.prs
41:19:865 Core/HW/DVD/FileMonitor.cpp:85 W[FileMon]:  45,903 kB sound.bin
41:21:168 Core/HW/DVD/FileMonitor.cpp:85 W[FileMon]:     294 kB Title_eng.prs
41:21:468 Core/HW/DVD/FileMonitor.cpp:85 W[FileMon]:      89 kB f512_midashi_eng.prs
41:21:667 Core/HW/DVD/FileMonitor.cpp:85 W[FileMon]:      20 kB f256_player_tex_eng.prs
41:21:751 Core/HW/DVD/FileMonitor.cpp:85 W[FileMon]:      32 kB f256_selectgamen_a_eng.prs
41:21:785 Core/HW/DVD/FileMonitor.cpp:85 W[FileMon]:      22 kB f256_ad_eng.prs
41:21:852 Core/HW/DVD/FileMonitor.cpp:85 W[FileMon]:       7 kB f256_slot_eng.prs
41:21:917 Core/HW/DVD/FileMonitor.cpp:85 W[FileMon]:       4 kB f128_player_ad_eng.prs
41:22:084 Core/HW/DVD/FileMonitor.cpp:83 I[FileMon]:   4,943 kB TITLE.adx
41:29:492 Core/HW/DVD/FileMonitor.cpp:85 W[FileMon]:     294 kB Title_eng.prs
41:29:793 Core/HW/DVD/FileMonitor.cpp:85 W[FileMon]:      89 kB f512_midashi_eng.prs
41:29:992 Core/HW/DVD/FileMonitor.cpp:85 W[FileMon]:      20 kB f256_player_tex_eng.prs
41:30:076 Core/HW/DVD/FileMonitor.cpp:85 W[FileMon]:      32 kB f256_selectgamen_a_eng.prs
41:30:109 Core/HW/DVD/FileMonitor.cpp:85 W[FileMon]:      22 kB f256_ad_eng.prs
41:30:210 Core/HW/DVD/FileMonitor.cpp:85 W[FileMon]:       7 kB f256_slot_eng.prs
41:30:309 Core/HW/DVD/FileMonitor.cpp:85 W[FileMon]:       4 kB f128_player_ad_eng.prs
41:30:476 Core/HW/DVD/FileMonitor.cpp:83 I[FileMon]:   4,943 kB TITLE.adx
41:41:917 Core/HW/DVD/FileMonitor.cpp:83 I[FileMon]:   3,825 kB ADVR.adx
