43:00:894 Core/Core.cpp:237 I[BOOT]: Starting core = GameCube mode
43:00:894 Core/Core.cpp:238 I[BOOT]: CPU Thread separate = No
43:03:144 Core/Boot/Boot.cpp:524 N[BOOT]: Booting from disc: /Users/caseybement/Downloads/Sonic Adventure 2 - Battle (USA).iso
43:03:144 Core/Boot/Boot_BS2Emu.cpp:292 I[BOOT]: Faking GC BS2...
43:03:152 Core/Boot/Boot_BS2Emu.cpp:210 I[BOOT]: DVDRead: offset: 00000420   memOffset: 81201340   length: 32
43:03:152 Core/Boot/Boot_BS2Emu.cpp:210 I[BOOT]: DVDRead: offset: 00000440   memOffset: 81201480   length: 32
43:03:152 Core/Boot/Boot_BS2Emu.cpp:210 I[BOOT]: DVDRead: offset: 00000440   memOffset: 817ebe20   length: 8192
43:03:152 Core/Boot/Boot_BS2Emu.cpp:210 I[BOOT]: DVDRead: offset: 0001e700   memOffset: 81201360   length: 256
43:03:202 Core/Boot/Boot_BS2Emu.cpp:210 I[BOOT]: DVDRead: offset: 0001e800   memOffset: 80003100   length: 9216
43:03:211 Core/Boot/Boot_BS2Emu.cpp:210 I[BOOT]: DVDRead: offset: 00020c00   memOffset: 80005500   length: 1498176
43:03:213 Core/Boot/Boot_BS2Emu.cpp:210 I[BOOT]: DVDRead: offset: 0018e840   memOffset: 80173140   length: 32
43:03:213 Core/Boot/Boot_BS2Emu.cpp:210 I[BOOT]: DVDRead: offset: 0018e860   memOffset: 80173160   length: 32
43:03:213 Core/Boot/Boot_BS2Emu.cpp:210 I[BOOT]: DVDRead: offset: 0018e880   memOffset: 80173180   length: 31072
43:03:215 Core/Boot/Boot_BS2Emu.cpp:210 I[BOOT]: DVDRead: offset: 001961e0   memOffset: 8017aae0   length: 408320
43:03:215 Core/Boot/Boot_BS2Emu.cpp:210 I[BOOT]: DVDRead: offset: 001f9ce0   memOffset: 803ad2c0   length: 1248
43:03:216 Core/Boot/Boot_BS2Emu.cpp:210 I[BOOT]: DVDRead: offset: 001fa1c0   memOffset: 803ae520   length: 12096
43:03:216 Core/Boot/Boot_BS2Emu.cpp:210 I[BOOT]: DVDRead: offset: 001fd100   memOffset: 817ede20   length: 74208
43:03:508 Core/HW/DVD/FileMonitor.cpp:85 W[FileMon]:       1 kB GCAX.conf
43:03:550 Core/HW/DVD/FileMonitor.cpp:83 I[FileMon]:       3 kB GCNDefault.str
43:03:599 Core/HW/DVD/FileMonitor.cpp:85 W[FileMon]:   1,090 kB se_ch_ss.mlt
43:04:032 Core/HW/DVD/FileMonitor.cpp:85 W[FileMon]:      72 kB b03_sne.mpb
43:04:230 Core/HW/DVD/FileMonitor.cpp:85 W[FileMon]:       1 kB text_e.prs
43:04:370 Core/HW/DVD/FileMonitor.cpp:85 W[FileMon]:       1 kB mcwarn_e.prs
43:04:465 Core/HW/DVD/FileMonitor.cpp:85 W[FileMon]:     246 kB EFMSGFONT_KANJI24.BIN
43:04:684 Core/HW/DVD/FileMonitor.cpp:85 W[FileMon]:      16 kB efmsgfont_ascii24S.bin
43:04:721 Core/HW/DVD/FileMonitor.cpp:85 W[FileMon]:       6 kB efmsgfont_ascii24E.bin
43:04:820 Core/HW/DVD/FileMonitor.cpp:85 W[FileMon]:      10 kB ICON_BNRE.dat
43:05:049 Core/HW/DVD/FileMonitor.cpp:85 W[FileMon]:      10 kB otherprintD.rel
43:05:149 Core/HW/DVD/FileMonitor.cpp:85 W[FileMon]:  75,003 kB event_adx_e.afs
43:05:775 Core/HW/DVD/FileMonitor.cpp:85 W[FileMon]:      83 kB segalogo.prs
43:05:875 Core/HW/DVD/FileMonitor.cpp:85 W[FileMon]:      67 kB staffRoll.prs
43:15:076 Core/HW/DVD/FileMonitor.cpp:85 W[FileMon]:   2,807 kB advertiseD.rel
43:16:467 Core/HW/DVD/FileMonitor.cpp:85 W[FileMon]:     532 kB menu.mlt
43:16:779 Core/HW/DVD/FileMonitor.cpp:85 W[FileMon]:      10 kB ICON_BNRE.dat
43:16:875 Core/HW/DVD/FileMonitor.cpp:85 W[FileMon]:     385 kB alphaTitle_e.prs
43:17:201 Core/HW/DVD/FileMonitor.cpp:85 W[FileMon]:     227 kB storyMain.prs
43:17:448 Core/HW/DVD/FileMonitor.cpp:85 W[FileMon]:      97 kB newMenu_e.prs
43:17:582 Core/HW/DVD/FileMonitor.cpp:85 W[FileMon]:       3 kB advShareData.prs
43:17:744 Core/HW/DVD/FileMonitor.cpp:85 W[FileMon]:     143 kB fileSelect_e.prs
43:17:961 Core/HW/DVD/FileMonitor.cpp:85 W[FileMon]:     173 kB eventD.rel
43:18:099 Core/HW/DVD/FileMonitor.cpp:85 W[FileMon]:       1 kB forMovie.prs
43:18:184 Core/HW/DVD/FileMonitor.cpp:85 W[FileMon]:      10 kB ICON_BNRE.dat
43:18:313 Core/HW/DVD/FileMonitor.cpp:85 W[FileMon]:       5 kB event/evmesL1.prs
43:18:400 Core/HW/DVD/FileMonitor.cpp:85 W[FileMon]:       3 kB event/e0361_0.prs
43:18:502 Core/HW/DVD/FileMonitor.cpp:85 W[FileMon]:       0 kB event/e0361_1.prs
43:18:502 Core/HW/DVD/FileMonitor.cpp:85 W[FileMon]:       1 kB event/e0361texlist.prs
43:18:552 Core/HW/DVD/FileMonitor.cpp:85 W[FileMon]:     834 kB event/e0361texture.prs
43:18:897 Core/HW/DVD/FileMonitor.cpp:85 W[FileMon]:     665 kB event/e0361.prs
43:19:215 Core/HW/DVD/FileMonitor.cpp:85 W[FileMon]:   1,495 kB event/e0361motion.bin
43:19:750 Core/HW/DVD/FileMonitor.cpp:85 W[FileMon]:       2 kB event/eveff.prs
43:19:852 Core/HW/DVD/FileMonitor.cpp:85 W[FileMon]:      70 kB efftex_common.prs
43:20:016 Core/HW/DVD/FileMonitor.cpp:85 W[FileMon]:     364 kB event/e_test.mlt
43:20:335 Core/HW/DVD/FileMonitor.cpp:85 W[FileMon]:   2,928 kB op360jp.m1v
43:20:514 Core/HW/DVD/FileMonitor.cpp:83 I[FileMon]:   2,483 kB btl_opng.adx
43:21:355 Core/HW/DVD/FileMonitor.cpp:85 W[FileMon]:   2,807 kB advertiseD.rel
43:22:717 Core/HW/DVD/FileMonitor.cpp:85 W[FileMon]:     532 kB menu.mlt
43:23:018 Core/HW/DVD/FileMonitor.cpp:85 W[FileMon]:      10 kB ICON_BNRE.dat
43:23:113 Core/HW/DVD/FileMonitor.cpp:85 W[FileMon]:     385 kB alphaTitle_e.prs
43:23:451 Core/HW/DVD/FileMonitor.cpp:85 W[FileMon]:     227 kB storyMain.prs
43:23:672 Core/HW/DVD/FileMonitor.cpp:85 W[FileMon]:      97 kB newMenu_e.prs
43:23:804 Core/HW/DVD/FileMonitor.cpp:85 W[FileMon]:       3 kB advShareData.prs
43:23:969 Core/HW/DVD/FileMonitor.cpp:85 W[FileMon]:     143 kB fileSelect_e.prs
43:24:268 Core/HW/DVD/FileMonitor.cpp:83 I[FileMon]:     754 kB title.adx
43:28:421 Core/HW/DVD/FileMonitor.cpp:85 W[FileMon]:  75,003 kB event_adx_e.afs
43:29:257 Core/HW/DVD/FileMonitor.cpp:83 I[FileMon]:     754 kB title.adx
43:31:360 Core/HW/DVD/FileMonitor.cpp:85 W[FileMon]:       1 kB text_e.prs
43:31:394 Core/HW/DVD/FileMonitor.cpp:85 W[FileMon]:       1 kB mcwarn_e.prs
43:31:496 Core/HW/DVD/FileMonitor.cpp:85 W[FileMon]:     132 kB BG_default_e.prs
43:31:776 Core/HW/DVD/FileMonitor.cpp:83 I[FileMon]:     237 kB advsng_1.adx
43:32:977 Core/HW/DVD/FileMonitor.cpp:85 W[FileMon]:  75,003 kB event_adx_e.afs
43:33:126 Core/HW/DVD/FileMonitor.cpp:83 I[FileMon]:   2,451 kB advsng_2.adx
43:33:961 Core/HW/DVD/FileMonitor.cpp:85 W[FileMon]:      60 kB arasujiSonic.prs
43:34:162 Core/HW/DVD/FileMonitor.cpp:83 I[FileMon]:   2,451 kB advsng_2.adx
43:35:587 Core/HW/DVD/FileMonitor.cpp:85 W[FileMon]:      29 kB console.prs
43:35:689 Core/HW/DVD/FileMonitor.cpp:85 W[FileMon]:      11 kB al_panel.prs
43:35:774 Core/HW/DVD/FileMonitor.cpp:85 W[FileMon]:       5 kB chaosdrive_tex.prs
43:35:890 Core/HW/DVD/FileMonitor.cpp:85 W[FileMon]:       1 kB text_e.prs
43:36:039 Core/HW/DVD/FileMonitor.cpp:85 W[FileMon]:       1 kB mcwarn_e.prs
43:36:141 Core/HW/DVD/FileMonitor.cpp:85 W[FileMon]:       3 kB pressstart.prs
43:36:225 Core/HW/DVD/FileMonitor.cpp:85 W[FileMon]:     239 kB plcommtn.prs
43:36:357 Core/HW/DVD/FileMonitor.cpp:85 W[FileMon]:      25 kB sonictex.prs
43:36:423 Core/HW/DVD/FileMonitor.cpp:85 W[FileMon]:     102 kB sonicmdl.prs
43:36:510 Core/HW/DVD/FileMonitor.cpp:85 W[FileMon]:       2 kB zanki_sonic.GVR
43:36:624 Core/HW/DVD/FileMonitor.cpp:85 W[FileMon]:     144 kB sonicmtn.prs
43:36:776 Core/HW/DVD/FileMonitor.cpp:85 W[FileMon]:      15 kB s_efftex.prs
43:36:861 Core/HW/DVD/FileMonitor.cpp:85 W[FileMon]:      10 kB ICON_BNRE.dat
43:37:058 Core/HW/DVD/FileMonitor.cpp:85 W[FileMon]:       4 kB stg_title13.prs
43:37:157 Core/HW/DVD/FileMonitor.cpp:85 W[FileMon]:       6 kB missiontex_so.prs
43:37:259 Core/HW/DVD/FileMonitor.cpp:85 W[FileMon]:      13 kB missiontex_so2.prs
43:37:261 Core/HW/DVD/FileMonitor.cpp:85 W[FileMon]:       1 kB missione.prs
43:39:178 Core/HW/DVD/FileMonitor.cpp:85 W[FileMon]:   1,090 kB se_ch_ss.mlt
43:39:592 Core/HW/DVD/FileMonitor.cpp:85 W[FileMon]:      72 kB b03_sne.mpb
43:39:781 Core/HW/DVD/FileMonitor.cpp:85 W[FileMon]:   3,304 kB stg13D.rel
43:40:927 Core/HW/DVD/FileMonitor.cpp:85 W[FileMon]:     863 kB landtx13.prs
43:41:361 Core/HW/DVD/FileMonitor.cpp:85 W[FileMon]:       4 kB city_escape.prs
43:41:497 Core/HW/DVD/FileMonitor.cpp:85 W[FileMon]:     348 kB objtex_stg13.prs
43:41:763 Core/HW/DVD/FileMonitor.cpp:85 W[FileMon]:      70 kB efftex_common.prs
43:41:945 Core/HW/DVD/FileMonitor.cpp:85 W[FileMon]:     242 kB objtex_common.prs
43:42:178 Core/HW/DVD/FileMonitor.cpp:85 W[FileMon]:      26 kB bgtex13.prs
43:42:313 Core/HW/DVD/FileMonitor.cpp:85 W[FileMon]:      16 kB set0013_s.bin
43:42:463 Core/HW/DVD/FileMonitor.cpp:85 W[FileMon]:      28 kB set0013_u.bin
43:42:465 Core/HW/DVD/FileMonitor.cpp:85 W[FileMon]:      20 kB stg13cam.prs
43:42:547 Core/HW/DVD/FileMonitor.cpp:85 W[FileMon]:      16 kB camset0013S.bin
43:42:680 Core/HW/DVD/FileMonitor.cpp:85 W[FileMon]:       0 kB stg13_light.bin
43:42:819 Core/HW/DVD/FileMonitor.cpp:85 W[FileMon]:       0 kB mh0013e.prs
43:42:931 Core/HW/DVD/FileMonitor.cpp:85 W[FileMon]:       3 kB mhsyse.prs
43:42:980 Core/HW/DVD/FileMonitor.cpp:85 W[FileMon]:     464 kB se_ac_ce.mlt
43:43:214 Core/HW/DVD/FileMonitor.cpp:85 W[FileMon]:      10 kB minimal_ara.prs
43:43:283 Core/HW/DVD/FileMonitor.cpp:85 W[FileMon]:      16 kB minimal_usa.prs
43:43:346 Core/HW/DVD/FileMonitor.cpp:85 W[FileMon]:       8 kB minimal_ska.prs
43:43:414 Core/HW/DVD/FileMonitor.cpp:85 W[FileMon]:      11 kB minimal_shep.prs
43:43:415 Core/HW/DVD/FileMonitor.cpp:85 W[FileMon]:      11 kB minimal_uni.prs
43:43:437 Core/HW/DVD/FileMonitor.cpp:85 W[FileMon]:       0 kB e_bultex.prs
43:43:514 Core/HW/DVD/FileMonitor.cpp:85 W[FileMon]:       0 kB st_c20.GVR
43:43:631 Core/HW/DVD/FileMonitor.cpp:85 W[FileMon]:       2 kB jet1.GVR
43:43:731 Core/HW/DVD/FileMonitor.cpp:85 W[FileMon]:      17 kB e_aitex.prs
43:43:804 Core/HW/DVD/FileMonitor.cpp:85 W[FileMon]:      12 kB e_s_kumitex.prs
43:43:865 Core/HW/DVD/FileMonitor.cpp:85 W[FileMon]:       9 kB e_goldtex.prs
43:43:901 Core/HW/DVD/FileMonitor.cpp:85 W[FileMon]:       9 kB e_kumitex.prs
43:43:916 Core/HW/DVD/FileMonitor.cpp:85 W[FileMon]:      11 kB e_g_kumitex.prs
43:43:917 Core/HW/DVD/FileMonitor.cpp:85 W[FileMon]:      15 kB e_e_kumitex.prs
43:44:062 Core/HW/DVD/FileMonitor.cpp:83 I[FileMon]:   4,673 kB c_escap1.adx
43:45:048 Core/HW/DVD/FileMonitor.cpp:85 W[FileMon]:  75,003 kB event_adx_e.afs
43:45:665 Core/HW/DVD/FileMonitor.cpp:83 I[FileMon]:   4,673 kB c_escap1.adx
43:46:532 Core/HW/DVD/FileMonitor.cpp:85 W[FileMon]:  75,003 kB event_adx_e.afs
43:47:332 Core/HW/DVD/FileMonitor.cpp:83 I[FileMon]:   4,673 kB c_escap1.adx
43:48:133 Core/HW/DVD/FileMonitor.cpp:85 W[FileMon]:  75,003 kB event_adx_e.afs
43:48:284 Core/HW/DVD/FileMonitor.cpp:83 I[FileMon]:   4,673 kB c_escap1.adx
43:53:406 Core/HW/DVD/FileMonitor.cpp:85 W[FileMon]:  75,003 kB event_adx_e.afs
43:53:855 Core/HW/DVD/FileMonitor.cpp:83 I[FileMon]:   4,673 kB c_escap1.adx
