  [wild-rqb] #9 RunQueueBits 0x80 -> 0x800080 at pc=0x800ec5a0
  [wild-rqb] #10 RunQueueBits 0x800080 -> 0x80 at pc=0x800ec79c
  [wild-idle-detected] pc=0x80139a6c count=8 back_idx=2
  [wild-pivec] #10 pc=0x500 cause=0x10140 mask=0x1fc unmasked=0x140 srr0=0x80139a6c srr1=0x8002
  [wild-rqb] #11 RunQueueBits 0x80 -> 0x80080 at pc=0x800ebd68
  [wild-rqb] #12 RunQueueBits 0x80080 -> 0x8080 at pc=0x800ebf40
  [wild-pivec] #11 pc=0x500 cause=0x10040 mask=0x1fc unmasked=0x40 srr0=0x800e78f0 srr1=0x9032
  [wild-pivec] #12 pc=0x500 cause=0x10040 mask=0x1fc unmasked=0x40 srr0=0x800e78f0 srr1=0x9032
  [wild-rqb] #13 RunQueueBits 0x8080 -> 0x808080 at pc=0x800ec5a0
  [wild-pivec] #13 pc=0x500 cause=0x10040 mask=0x1fc unmasked=0x40 srr0=0x80125e0c srr1=0x9032
  [wild-rqb] #14 RunQueueBits 0x808080 -> 0x8080 at pc=0x800ec79c
  [wild-rqb] #15 RunQueueBits 0x8080 -> 0x80 at pc=0x800ebf40
  [wild-rqb] #16 RunQueueBits 0x80 -> 0x0 at pc=0x800ebf40
  [wild-idle-detected] pc=0x800ebea0 count=4 back_idx=2
  > [wild-bt] pc=0xd4 lr=0x800ecf78 r1=0xfffffca8 chain: 0x0 0x0 0x0 0x0 0x0 0x0 0x0 0x0
  > [wild-bt] pc=0x90 lr=0x800ecf78 r1=0xfffffca8 chain: 0x0 0x0 0x0 0x0 0x0 0x0 0x0 0x0
  > [wild-bt] pc=0x58 lr=0x0 r1=0xfffffca8 chain: 0x0 0x0 0x0 0x0 0x0 0x0 0x0 0x0
  [wild-pivec] #14 pc=0x500 cause=0x10144 mask=0x1fc unmasked=0x144 srr0=0xb0 srr1=0x8002
  > [wild-bt] pc=0x34 lr=0x0 r1=0xfffffca8 chain: 0x0 0x0 0x0 0x0 0x0 0x0 0x0 0x0
  > [wild-bt] pc=0x0 lr=0x0 r1=0xfffffca8 chain: 0x0 0x0 0x0 0x0 0x0 0x0 0x0 0x0
  [wild-pivec] #15 pc=0x500 cause=0x10144 mask=0x1fc unmasked=0x144 srr0=0xbc srr1=0x8002
  > [wild-bt] pc=0xb0 lr=0x800ecf78 r1=0x60630030 chain: 0x0 0x0 0x0 0x0 0x0 0x0 0x0 0x0
  > [wild-bt] pc=0xdc lr=0x800ecf78 r1=0x60630030 chain: 0x0 0x0 0x0 0x0 0x0 0x0 0x0 0x0
  [wild-pivec] #16 pc=0x500 cause=0x10144 mask=0x1fc unmasked=0x144 srr0=0x8010ddbc srr1=0x8032
  > [wild-bt] pc=0xac lr=0x800ecf78 r1=0x60630030 chain: 0x0 0x0 0x0 0x0 0x0 0x0 0x0 0x0
  [wild-pivec] #17 pc=0x500 cause=0x10144 mask=0x1fc unmasked=0x144 srr0=0x8010ddbc srr1=0x8032
  > [wild-bt] pc=0x8c lr=0x800ecf78 r1=0x60630030 chain: 0x0 0x0 0x0 0x0 0x0 0x0 0x0 0x0
  > [wild-bt] pc=0x24 lr=0x0 r1=0xfffffca8 chain: 0x0 0x0 0x0 0x0 0x0 0x0 0x0 0x0
  [wild-pivec] #18 pc=0x500 cause=0x10144 mask=0x1fc unmasked=0x144 srr0=0x8010ddbc srr1=0x8032
  > [wild-bt] pc=0x90 lr=0x800ecf78 r1=0x60630030 chain: 0x0 0x0 0x0 0x0 0x0 0x0 0x0 0x0
  [wild-pivec] #19 pc=0x500 cause=0x10144 mask=0x1fc unmasked=0x144 srr0=0x58 srr1=0x8002
  > [wild-bt] pc=0x816b4cd6 lr=0x801d50f6 r1=0xf7ea chain: 0x488fc 0x0 0x0 0x0 0x0 0x0 0x0 0x0
  > [wild-bt] pc=0x816bccd6 lr=0x801d50f6 r1=0xf7ea chain: 0x488fc 0x0 0x0 0x0 0x0 0x0 0x0 0x0
  > [wild-bt] pc=0x816c0cd6 lr=0x801d50f6 r1=0xf7ea chain: 0x488fc 0x0 0x0 0x0 0x0 0x0 0x0 0x0
  > [wild-bt] pc=0x816c8cd6 lr=0x801d50f6 r1=0xf7ea chain: 0x488fc 0x0 0x0 0x0 0x0 0x0 0x0 0x0
  > [wild-bt] pc=0x816d0cd6 lr=0x801d50f6 r1=0xf7ea chain: 0x488fc 0x0 0x0 0x0 0x0 0x0 0x0 0x0
  > [wild-bt] pc=0x816d8cd6 lr=0x801d50f6 r1=0xf7ea chain: 0x488fc 0x0 0x0 0x0 0x0 0x0 0x0 0x0
  > [wild-bt] pc=0x816e0cd6 lr=0x801d50f6 r1=0xf7ea chain: 0x488fc 0x0 0x0 0x0 0x0 0x0 0x0 0x0
  > [wild-bt] pc=0x816e8cd6 lr=0x801d50f6 r1=0xf7ea chain: 0x488fc 0x0 0x0 0x0 0x0 0x0 0x0 0x0
  > [wild-bt] pc=0x816f0cd6 lr=0x801d50f6 r1=0xf7ea chain: 0x488fc 0x0 0x0 0x0 0x0 0x0 0x0 0x0
